// Jest Snapshot v1, https://goo.gl/fbAQLP

exports[`<TextComponent /> should match a text 1`] = `
.c0 {
  font-size: 2.4rem;
}

<p
  class="c0"
/>
`;

exports[`<TextComponent /> should render a text 1`] = `
.c0 {
  font-size: 2.4rem;
}

<p
  class="c0"
/>
`;
